nohup: ignoring input
dir exist
VAE_EAD(
  (inference): InferenceNet(
    (inference_qyx): ModuleList(
      (0): Linear(in_features=19227, out_features=128, bias=True)
      (1): Tanh()
      (2): Linear(in_features=128, out_features=128, bias=True)
      (3): Tanh()
      (4): GumbelSoftmax(
        (logits): Linear(in_features=128, out_features=1, bias=True)
      )
    )
    (inference_qzyx): ModuleList(
      (0): Linear(in_features=2, out_features=128, bias=True)
      (1): Tanh()
      (2): Linear(in_features=128, out_features=128, bias=True)
      (3): Tanh()
      (4): Gaussian(
        (mu): Linear(in_features=128, out_features=1, bias=True)
        (var): Linear(in_features=128, out_features=1, bias=True)
      )
    )
  )
  (generative): GenerativeNet(
    (y_mu): Sequential(
      (0): Linear(in_features=1, out_features=128, bias=True)
      (1): Tanh()
      (2): Linear(in_features=128, out_features=19227, bias=True)
    )
    (y_var): Sequential(
      (0): Linear(in_features=1, out_features=128, bias=True)
      (1): Tanh()
      (2): Linear(in_features=128, out_features=19227, bias=True)
    )
    (generative_pxz): ModuleList(
      (0): Linear(in_features=1, out_features=128, bias=True)
      (1): Tanh()
      (2): Linear(in_features=128, out_features=128, bias=True)
      (3): Tanh()
      (4): Linear(in_features=128, out_features=1, bias=True)
    )
  )
)
/home/llliu/nar/compared_method/DeepSEM-master/src/DeepSEM_cell_type_specific_GRN_model.py:47: RuntimeWarning: divide by zero encountered in divide
  data_values = (data_values - means) / (stds)
/home/llliu/nar/compared_method/DeepSEM-master/src/DeepSEM_cell_type_specific_GRN_model.py:47: RuntimeWarning: invalid value encountered in divide
  data_values = (data_values - means) / (stds)
Traceback (most recent call last):
  File "main.py", line 80, in <module>
    model.train_model()
  File "/home/llliu/nar/compared_method/DeepSEM-master/src/DeepSEM_cell_type_specific_GRN_model.py", line 107, in train_model
    loss.backward()
  File "/home/llliu/anaconda3/envs/pytorch1/lib/python3.8/site-packages/torch/_tensor.py", line 396, in backward
    torch.autograd.backward(self, gradient, retain_graph, create_graph, inputs=inputs)
  File "/home/llliu/anaconda3/envs/pytorch1/lib/python3.8/site-packages/torch/autograd/__init__.py", line 173, in backward
    Variable._execution_engine.run_backward(  # Calls into the C++ engine to run the backward pass
RuntimeError: CUDA out of memory. Tried to allocate 1.38 GiB (GPU 0; 23.70 GiB total capacity; 12.31 GiB already allocated; 529.56 MiB free; 12.45 GiB reserved in total by PyTorch) If reserved memory is >> allocated memory try setting max_split_size_mb to avoid fragmentation.  See documentation for Memory Management and PYTORCH_CUDA_ALLOC_CONF
